// Jest Snapshot v1, https://goo.gl/fbAQLP

exports[`NumberInput component matches the snapshot 1`] = `
<DocumentFragment>
  <p
    class="sc-blHHSb dUWAsA"
    max="100"
    min="0"
    name=""
    pattern=""
    placeholder=""
    type="number"
    value=""
  />
</DocumentFragment>
`;
