// Jest Snapshot v1, https://goo.gl/fbAQLP

exports[`TextInput component matches the snapshot 1`] = `
<DocumentFragment>
  <input
    class="sc-blHHSb dUWAsA"
    name=""
    pattern=""
    placeholder=""
    type="text"
    value=""
  />
</DocumentFragment>
`;
